[www.freemanjiang.com/index.html]
[www.freemanjiang.com/_next/static/media/0370663d4bd2e672-s.p.otf]
[www.freemanjiang.com/_next/static/media/0a6a5ab0b5191b30-s.p.otf]
[www.freemanjiang.com/_next/static/media/10b591b2b2b58bc9-s.p.otf]
[www.freemanjiang.com/_next/static/media/1551b789c151d96d-s.p.otf]
[www.freemanjiang.com/_next/static/media/16a36e9b3e44fc25-s.p.otf]
[www.freemanjiang.com/_next/static/media/1757b862aaeb611a-s.p.otf]
[www.freemanjiang.com/_next/static/media/18152d5a5b7acb7e-s.p.otf]
[www.freemanjiang.com/_next/static/media/36528e7bf6d6afbb-s.p.otf]
[www.freemanjiang.com/_next/static/media/4c7940212deeab04-s.p.otf]
[www.freemanjiang.com/_next/static/media/569ce4b8f30dc480-s.p.woff2]
[www.freemanjiang.com/_next/static/media/56bf4d47e702b6a6-s.p.otf]
[www.freemanjiang.com/_next/static/media/697ace9e2b6be03d-s.p.otf]
[www.freemanjiang.com/_next/static/media/793b1dfe95af5e18-s.p.otf]
[www.freemanjiang.com/_next/static/media/93f479601ee12b01-s.p.woff2]
[www.freemanjiang.com/_next/static/media/af0a6a4a41f61be0-s.p.otf]
[www.freemanjiang.com/_next/static/media/b340484f27a904e0-s.p.otf]
[www.freemanjiang.com/_next/static/media/bdd4589108244eb9-s.p.otf]
[www.freemanjiang.com/_next/static/media/e36691a40a84af7b-s.p.otf]
[www.freemanjiang.com/_next/static/css/8fa06983755feeb6.css]
[www.freemanjiang.com/_next/static/chunks/webpack-7b0c20e58ecebe14.js]
[www.freemanjiang.com/_next/static/chunks/4bd1b696-f6dfef24fe9e9e72.js]
[www.freemanjiang.com/_next/static/chunks/1517-294b07664a085add.js]
[www.freemanjiang.com/_next/static/chunks/main-app-9a3720905815865a.js]
[www.freemanjiang.com/_next/static/chunks/9da6db1e-2b60eaaa75e80d79.js]
[www.freemanjiang.com/_next/static/chunks/app/(app)/layout-853d01d97f9b7db4.js]
[www.freemanjiang.com/_next/static/chunks/8e1d74a4-787d078ef47ae0cd.js]
[www.freemanjiang.com/_next/static/chunks/8906-c6178d514358db53.js]
[www.freemanjiang.com/_next/static/chunks/7970-f3d6411ffe14be79.js]
[www.freemanjiang.com/_next/static/chunks/3259-bc2e703f7c2c0f1f.js]
[www.freemanjiang.com/_next/static/chunks/5035-e63e7424fd369e67.js]
[www.freemanjiang.com/_next/static/chunks/3368-de302ac303478121.js]
[backblue.gif]
[fade.gif]
[index.html]
[www.freemanjiang.com/_next/static/chunks/app/(app)/page-fef8573c0fbccac9.js]
[www.freemanjiang.com/_next/static/chunks/polyfills-42372ed130431b0a.js]
[r2.photos.freemanjiang.com/67KZUdUIbMjfWS3XF45KB.jpg]
[r2.photos.freemanjiang.com/_nqboamudONG4moM6V1Yp.jpg]
[r2.photos.freemanjiang.com/uZN8HDZUtWI3z16jhQCi3.jpg]
[r2.photos.freemanjiang.com/GeMNt9VPYHStxmdL62qg8.jpg]
[r2.photos.freemanjiang.com/mepQ_bVs3KL5mOF6LHPi8.jpg]
[r2.photos.freemanjiang.com/--vIPFhi25__XGhi_IBIE.jpg]
[r2.photos.freemanjiang.com/IyBsxETNPvnujpn3_PhxS.jpg]
[r2.photos.freemanjiang.com/ikK62ZRTNLPJKYbeNT1IO.jpg]
[r2.photos.freemanjiang.com/hS8P4oKhPYiyTmUVZbgJm.jpg]
[r2.photos.freemanjiang.com/EYSUoopZcyazMxbznPmaQ.jpg]
[r2.photos.freemanjiang.com/Ul5_icSDq3KuCT4ha5ALo.jpg]
[r2.photos.freemanjiang.com/gdiFhmRebH0lmHBndWcvQ.jpg]
[r2.photos.freemanjiang.com/MzbuO3EYye0UiYWvDrgRb.jpg]
[r2.photos.freemanjiang.com/WfoeCzeAvhpxtNrsN0RSZ.jpg]
[www.freemanjiang.com/index.html]
[www.freemanjiang.com/_next/static/media/8d697b304b401681-s.woff2]
[www.freemanjiang.com/_next/static/media/ba015fad6dcf6784-s.woff2]
[www.freemanjiang.com/_next/static/media/9610d9e46709d722-s.woff2]
[www.freemanjiang.com/_next/static/media/747892c23ea88013-s.woff2]
[www.freemanjiang.com/_next/static/css/8fa06983755feeb6.css]
[www.freemanjiang.com/_next/static/css/e4938badb52137ae.css]
[www.freemanjiang.com/icon06df.svg]
